// Jest Snapshot v1, https://goo.gl/fbAQLP

exports[`The store should reach the store without crushing 1`] = `ShallowWrapper {}`;
