// Jest Snapshot v1, https://goo.gl/fbAQLP

exports[`LoginPage should render without crashing 1`] = `ShallowWrapper {}`;
