// Jest Snapshot v1, https://goo.gl/fbAQLP

exports[`login form component should return the form without crushing 1`] = `ShallowWrapper {}`;
