// Jest Snapshot v1, https://goo.gl/fbAQLP

exports[`the navigation bar Component should shore navigation bar without crushing 1`] = `ShallowWrapper {}`;
